<html>
<body>
<pre>
<h1>µVision Build Log</h1>
<h2>Project:</h2>
C:\Users\Charles\OneDrive\2018Spring_CSULB\CECS447_Microcontroller\Project2\Project2_part2_UART_MCU2\UART.uvproj
Project File Date:  03/29/2018

<h2>Output:</h2>
Rebuild target 'UART'
assembling startup.s...
compiling Proj2_MCU2.c...
Proj2_MCU2.c(94): warning:  #177-D: variable "UART1_in_char" was declared but never referenced
      unsigned char UART1_in_char;
Proj2_MCU2.c: 1 warning, 0 errors
compiling UART.c...
compiling PLL.c...
compiling SysTick.c...
linking...
Program Size: Code=1724 RO-data=32 RW-data=4 ZI-data=1124  
".\UART.axf" - 0 Error(s), 1 Warning(s).
</pre>
</body>
</html>
