<html>
<body>
<pre>
<h1>µVision Build Log</h1>
<h2>Project:</h2>
C:\Users\Chana\OneDrive\2018Spring_CSULB\CECS447_Microcontroller\Project2\Project2_part2_UART_MCU2\UART.uvproj
Project File Date:  03/26/2018

<h2>Output:</h2>
Rebuild target 'UART'
assembling startup.s...
compiling Proj2_MCU2.c...
compiling UART.c...
compiling PLL.c...
linking...
Program Size: Code=1640 RO-data=16 RW-data=0 ZI-data=1120  
".\UART.axf" - 0 Error(s), 0 Warning(s).
Load "C:\\Users\\Chana\\OneDrive\\2018Spring_CSULB\\CECS447_Microcontroller\\Project2\\Project2_part2_UART_MCU2\\UART.axf" 
Connecting: Mode=JTAG, Speed=1000000Hz
Erase Done.
Programming Done.
Verify OK.
Load "C:\\Users\\Chana\\OneDrive\\2018Spring_CSULB\\CECS447_Microcontroller\\Project2\\Project2_part2_UART_MCU2\\UART.axf" 
Connecting: Mode=JTAG, Speed=1000000Hz
Erase Done.
Programming Done.
Verify OK.
</pre>
</body>
</html>

Programming Done.
Verify OK.
d "C:\\Users\\Chana\\OneDrive\\2018Spring_CSULB\\CECS447_Microcontroller\\Project2\\Project2_part2_UART_MCU2\\UART.axf" 
Connecting: Mode=JTAG, Speed=1000000Hz
Erase Done.
Programming Done.
Verify OK.
pen file
Error: Flash Download failed  -  Could not load file 'C:\Users\Chana\OneDrive\2018Spring_CSULB\CECS447_Microcontroller\Project2\Project2_part2_UART_MCU2\UART.axf'
