<html>
<body>
<pre>
<h1>µVision Build Log</h1>
<h2>Project:</h2>
C:\Users\Charles\OneDrive\2018Spring_CSULB\CECS447_Microcontroller\Project2\Project2_part2_UART_MCU2\UART.uvproj
Project File Date:  04/01/2018

<h2>Output:</h2>
Rebuild target 'UART'
assembling startup.s...
compiling Proj2_MCU2.c...
Proj2_MCU2.c(355): warning:  #177-D: variable "i" was declared but never referenced
      unsigned long i;
Proj2_MCU2.c: 1 warning, 0 errors
compiling UART.c...
compiling PLL.c...
linking...
Program Size: Code=2440 RO-data=32 RW-data=20 ZI-data=1124  
".\UART.axf" - 0 Error(s), 1 Warning(s).
mpiling PLL.c...
linking...
Program Size: Code=2212 RO-data=32 RW-data=20 ZI-data=1124  
".\UART.axf" - 0 Error(s), 2 Warning(s).
CU2\\UART.axf" 
Connecting: Mode=JTAG, Speed=1000000Hz
Erase Done.
Programming Done.
Verify OK.
