<html>
<body>
<pre>
<h1>µVision Build Log</h1>
<h2>Project:</h2>
C:\Users\Charles\OneDrive\2018Spring_CSULB\CECS447_Microcontroller\Project2\Project2_part2_UART_MCU1\UART.uvproj
Project File Date:  03/22/2018

<h2>Output:</h2>
Rebuild target 'UART'
assembling startup.s...
compiling PLL.c...
compiling UART.c...
compiling Proj2_MCU1.c...
linking...
Program Size: Code=1924 RO-data=16 RW-data=0 ZI-data=1120  
".\UART.axf" - 0 Error(s), 0 Warning(s).
Load "C:\\Users\\Charles\\OneDrive\\2018Spring_CSULB\\CECS447_Microcontroller\\Project2\\Project2_part2_UART_MCU1\\UART.axf" 
Connecting: Mode=JTAG, Speed=1000000Hz
Erase Done.
Programming Done.
Verify OK.
</pre>
</body>
</html>
OneDrive\\2018Spring_CSULB\\CECS447_Microcontroller\\Project2\\Project2_part2_UART_MCU1\\UART.axf" 
Connecting: Mode=JTAG, Speed=1000000Hz
Erase Done.
Programming Done.
Verify OK.
troller\Project2\Project2_part2_UART_MCU1\UART.axf'
 0 Error(s), 4 Warning(s).
ation to list image symbols.
Finished: 1 information, 0 warning and 1 error messages.
".\UART.axf" - 1 Error(s), 4 Warning(s).
Target not created
