<html>
<body>
<pre>
<h1>µVision Build Log</h1>
<h2>Project:</h2>
C:\Users\Charles\OneDrive\2018Spring_CSULB\CECS447_Microcontroller\Project2\Project2_part2_UART_MCU1\UART.uvproj
Project File Date:  03/22/2018

<h2>Output:</h2>
Rebuild target 'UART'
assembling startup.s...
compiling PLL.c...
compiling UART.c...
compiling Proj2_MCU1.c...
Proj2_MCU1.c(93): warning:  #177-D: variable "UART1_in_char" was declared but never referenced
      unsigned char UART1_in_char;
Proj2_MCU1.c(94): warning:  #177-D: variable "UART0_in_char" was declared but never referenced
      unsigned char UART0_in_char;
Proj2_MCU1.c(96): warning:  #177-D: variable "bufPt" was declared but never referenced
      char bufPt;
Proj2_MCU1.c(97): warning:  #177-D: variable "max" was declared but never referenced
      unsigned short max=32;
Proj2_MCU1.c: 4 warnings, 0 errors
compiling SysTick.c...
linking...
Program Size: Code=2000 RO-data=32 RW-data=4 ZI-data=1124  
".\UART.axf" - 0 Error(s), 4 Warning(s).
Load "C:\\Users\\Charles\\OneDrive\\2018Spring_CSULB\\CECS447_Microcontroller\\Project2\\Project2_part2_UART_MCU1\\UART.axf" 
Connecting: Mode=JTAG, Speed=1000000Hz
Erase Done.
Programming Done.
Verify OK.
</pre>
</body>
</html>
OneDrive\\2018Spring_CSULB\\CECS447_Microcontroller\\Project2\\Project2_part2_UART_MCU1\\UART.axf" 
Connecting: Mode=JTAG, Speed=1000000Hz
Erase Done.
Programming Done.
Verify OK.
